code_ref_type = ""tag""
code_ref = ""0.2.3""
build_domain_id = ""3957397513131""
rax_service_level_automation = ""Complete""

